[motocutzmx.com/products/surron-number-plate-decal-custom.html]
[motocutzmx.com/cdn/shop/files/Motocutz_Favicon6175.png]
[backblue.gif]
[fade.gif]
[index.html]
[motocutzmx.com/cdn/shop/files/Screenshot2025-01-02at6.32.54PM1476.png]
[motocutzmx.com/cdn/shop/t/1/assets/global4467.js]
[motocutzmx.com/products/surron-number-plate-decal-custom.oembed]
[motocutzmx.com/checkouts/internal/preloadsc494.js]
[motocutzmx.com/products/modules/v2/chunk.common_N3BdFaNT.esm.js]
[motocutzmx.com/products/modules/v2/client.shop-login-button_C0Ba0R4r.en.esm.js]
[cdn.shopify.com/shopifycloud/storefront-forms-hcaptcha/ce_storefront_forms_captcha_hcaptcha.v1.5.2.iife.js]
[motocutzmx.com/cdn/shopifycloud/shopify/assets/storefront/load_feature-1060834584ef204397b1179782a1b090047ee4397cb627244ab89e03f65c4307.js]
[motocutzmx.com/cdn/shopifycloud/shopify/assets/shopify_pay/storefront-80e528be853eac23af2454534897ca9536b1d3d04aa043b042f34879a3c111c8b805.js]
[motocutzmx.com/cdn/shopifycloud/portable-wallets/latest/portable-wallets.en.js]
[motocutzmx.com/cdn/shop/t/1/compiled_assets/scriptsb8c3.js]
[motocutzmx.com/cdn/shopifycloud/portable-wallets/latest/accelerated-checkout-backwards-compat.css]
[motocutzmx.com/cdn/shop/t/1/assets/basea396.css]
[motocutzmx.com/cdn/shop/t/1/assets/component-predictive-searchf883.css]
[motocutzmx.com/products/GET]
[cdnwidget.judge.me/shopify_v2.css]
[cdn.shopify.com/extensions/b13306bd-1ca7-4739-820e-5de4ad671f99/hulk-form-builder-20/assets/extra-styles.css]
[cdn.shopify.com/extensions/b13306bd-1ca7-4739-820e-5de4ad671f99/hulk-form-builder-20/assets/theme-app-extension-bootstrap.css]
[cdn.shopify.com/extensions/b13306bd-1ca7-4739-820e-5de4ad671f99/hulk-form-builder-20/assets/extra-functions.js]
[cdn.shopify.com/extensions/5d2ca14d-a8ea-41f8-b8a0-df52d81fdd1b/globo-product-option-265/assets/gpomain.js]
[cdn.shopify.com/extensions/b13306bd-1ca7-4739-820e-5de4ad671f99/hulk-form-builder-20/assets/form-builder-script.js]
[cdn.shopify.com/extensions/57cbdb9d-836e-444a-b10d-1674e5fa5425/zakeke-product-customiser-2d3d-31/assets/customizer.js]
[cdn.shopify.com/extensions/57cbdb9d-836e-444a-b10d-1674e5fa5425/zakeke-product-customiser-2d3d-31/assets/customizer.css]
[motocutzmx.com/products/POST]
[motocutzmx.com/cdn/s/trekkie.storefront.67031bb556ecae068d9d26b268af7634adc01a0c.min.js]
[motocutzmx.com/cdn/shopifycloud/shopify/assets/shop_events_listener-f55dd2979ec32029c7d9e0b454ab8b33f79c01ca039d17a6f5c9b95647564b19.js]
[motocutzmx.com/cdn/shopifycloud/perf-kit/shopify-perf-kit-1.6.1.min.js]
[motocutzmx.com/cdn/shop/t/1/assets/cart5bd6.js]
[motocutzmx.com/cdn/shop/t/1/assets/component-list-menucefe.css]
[motocutzmx.com/cdn/shop/t/1/assets/component-search7955.css]
[motocutzmx.com/products/Trident/index.html]
[motocutzmx.com/cdn/shop/t/1/assets/component-menu-drawer2161.css]
[motocutzmx.com/cdn/shop/t/1/assets/component-cart-notificationa418.css]
[motocutzmx.com/cdn/shop/t/1/assets/component-cart-itemseabd.css]
[motocutzmx.com/cdn/shop/t/1/assets/component-price2275.css]
[motocutzmx.com/cdn/shop/t/1/assets/component-loading-overlayc74a.css]
[motocutzmx.com/cdn/shop/t/1/assets/component-cart-drawer6421.css]
[motocutzmx.com/cdn/shop/t/1/assets/component-cart7a3f.css]
[motocutzmx.com/cdn/shop/t/1/assets/component-totalsb0a2.css]
[motocutzmx.com/cdn/shop/t/1/assets/component-discounts6335.css]
[motocutzmx.com/cdn/shop/t/1/assets/details-disclosure26a3.js]
[motocutzmx.com/cdn/shop/t/1/assets/details-modal4dcb.js]
[motocutzmx.com/cdn/shop/t/1/assets/cart-notification08c1.js]
[motocutzmx.com/cdn/shop/t/1/assets/cart-drawer8f9a.js]
[motocutzmx.com/products/motocutzmx-gift-card.html]
[motocutzmx.com/cdn/shop/files/motocutz_moderna52c.jpg]
[motocutzmx.com/cdn/shop/t/1/assets/section-main-product3c3b.css]
[motocutzmx.com/cdn/shop/t/1/assets/component-accordion728d.css]
[motocutzmx.com/cdn/shop/t/1/assets/component-rte1f6f.css]
[motocutzmx.com/cdn/shop/t/1/assets/component-slidere457.css]
[motocutzmx.com/cdn/shop/t/1/assets/component-ratingcc8d.css]
[motocutzmx.com/cdn/shop/t/1/assets/component-deferred-media99cf.css]
[motocutzmx.com/cdn/shop/t/1/assets/product-form7061.js]
[motocutzmx.com/cdn/shop/files/Screenshot2025-01-02at6.32.54PM06b3.png]
[motocutzmx.com/cdn/shop/files/Screenshot2025-01-02at6.32.54PM0e5c.png]
[motocutzmx.com/cdn/shop/t/1/assets/product-modal736f.js]
[motocutzmx.com/cdn/shop/t/1/assets/media-galleryaaa4.js]
[motocutzmx.com/cdn/shop/t/1/assets/component-card50a3.css]
[motocutzmx.com/cdn/shop/t/1/assets/section-product-recommendations14f8.css]
[motocutzmx.com/cdn/shop/t/1/assets/section-footer7795.css]
[motocutzmx.com/cdn/shop/t/1/assets/component-newsletter14fa.css]
[motocutzmx.com/cdn/shop/t/1/assets/component-list-payment7620.css]
[motocutzmx.com/cdn/shop/t/1/assets/component-list-socialb932.css]
[motocutzmx.com/cdn/shop/t/1/assets/disclosurefa07.css]
[motocutzmx.com/cdn/shop/files/Motocutz_Favicon9c88.png]
[motocutzmx.com/products/surron-number-plate-decal-custom.html]
[shop.app/checkouts/internal/preloadsebac.js]
[motocutzmx.com/products/modules/v2/chunk.common_N3BdFaNT.esm.js]
[motocutzmx.com/products/modules/v2/client.shop-login-button_C0Ba0R4r.en.esm.js]
[motocutzmx.com/cdn/shopifycloud/portable-wallets/latest/accelerated-checkout-backwards-compat.css]
[motocutzmx.com/cdn/shop/t/1/assets/basea396.css]
[motocutzmx.com/cdn/shop/t/1/assets/component-predictive-searchf883.css]
[motocutzmx.com/products/GET.html]
[motocutzmx.com/cdn/shop/t/1/assets/predictive-searchabcb.js]
[s3.amazonaws.com/me.judge.public-static-assets/general/video-placeholder-640x480.jpg]
[cdnwidget.judge.me/shopify_v2.css]
[formbuilder.hulkapps.com/images/select_arrow.png]
[cdn.shopify.com/extensions/b13306bd-1ca7-4739-820e-5de4ad671f99/hulk-form-builder-20/assets/extra-styles.css]
[cdn.shopify.com/extensions/b13306bd-1ca7-4739-820e-5de4ad671f99/hulk-form-builder-20/assets/theme-app-extension-bootstrap.css]
[zakekecdn.azureedge.net/cdn/images/other/loading-f13eecdb37.gif]
[cdn.shopify.com/extensions/57cbdb9d-836e-444a-b10d-1674e5fa5425/zakeke-product-customiser-2d3d-31/assets/customizer.css]
[motocutzmx.com/products/POST.html]
[motocutzmx.com/products/Trident/index.html]
[motocutzmx.com/cdn/shop/t/1/assets/component-list-menucefe.css]
[motocutzmx.com/cdn/shop/t/1/assets/component-search7955.css]
[motocutzmx.com/cdn/shop/t/1/assets/component-menu-drawer2161.css]
[motocutzmx.com/cdn/shop/t/1/assets/component-cart-notificationa418.css]
[motocutzmx.com/cdn/shop/t/1/assets/component-cart-itemseabd.css]
[motocutzmx.com/cdn/shop/t/1/assets/component-price2275.css]
[motocutzmx.com/cdn/shop/t/1/assets/component-loading-overlayc74a.css]
[motocutzmx.com/cdn/shop/t/1/assets/component-cart-drawer6421.css]
[motocutzmx.com/cdn/shop/t/1/assets/component-cart7a3f.css]
[motocutzmx.com/cdn/shop/t/1/assets/component-totalsb0a2.css]
[motocutzmx.com/cdn/shop/t/1/assets/component-discounts6335.css]
[motocutzmx.com/cdn/shop/products/GiftCardmotocutz2023_d4ddfe95-55eb-4f5d-b57b-0b4a3d4a5807b0d5.jpg]
[motocutzmx.com/products/motocutzmx-gift-card.oembed]
[motocutzmx.com/cdn/shop/products/GiftCardmotocutz2023_d4ddfe95-55eb-4f5d-b57b-0b4a3d4a5807ea9b.jpg]
[motocutzmx.com/cdn/shop/t/1/assets/component-pickup-availabilityf21f.css]
[motocutzmx.com/cdn/shop/t/1/assets/pickup-availabilityd00d.js]
[motocutzmx.com/cdn/shop/t/1/assets/shared88b.js]
[motocutzmx.com/cdn/shop/products/GiftCardmotocutz2023_d4ddfe95-55eb-4f5d-b57b-0b4a3d4a5807348f.jpg]
[motocutzmx.com/products/motocutzmx-gift-card.html]
[motocutzmx.com/cdn/shop/t/1/assets/section-main-product3c3b.css]
[motocutzmx.com/cdn/shop/t/1/assets/component-accordion728d.css]
[motocutzmx.com/cdn/shop/t/1/assets/component-rte1f6f.css]
[motocutzmx.com/cdn/shop/t/1/assets/component-slidere457.css]
[motocutzmx.com/cdn/shop/t/1/assets/component-ratingcc8d.css]
[motocutzmx.com/cdn/shop/t/1/assets/component-deferred-media99cf.css]
[motocutzmx.com/cdn/shop/t/1/assets/component-card50a3.css]
[motocutzmx.com/cdn/shop/t/1/assets/section-product-recommendations14f8.css]
[motocutzmx.com/cdn/shop/t/1/assets/section-footer7795.css]
[motocutzmx.com/cdn/shop/t/1/assets/component-newsletter14fa.css]
[motocutzmx.com/cdn/shop/t/1/assets/component-list-payment7620.css]
[motocutzmx.com/cdn/shop/t/1/assets/component-list-socialb932.css]
[motocutzmx.com/cdn/shop/t/1/assets/disclosurefa07.css]
[motocutzmx.com/cdn/shop/t/1/assets/component-pickup-availabilityf21f.css]
